[    4832ms] [INFO] %cDownload the React DevTools for a better development experience: https://reactjs.org/link/react-devtools font-weight:bold @ http://ai4mde.localhost/node_modules/.vite/deps/chunk-6UPLEOQD.js?v=b5e2956b:21579
[    4915ms] [WARNING] ⚠️ React Router Future Flag Warning: React Router will begin wrapping state updates in `React.startTransition` in v7. You can use the `v7_startTransition` future flag to opt-in early. For more information, see https://reactrouter.com/v6/upgrading/future#v7_starttransition. @ http://ai4mde.localhost/node_modules/.vite/deps/react-router-dom.js?v=81ceaaa3:4409
[    4916ms] [WARNING] ⚠️ React Router Future Flag Warning: Relative route resolution within Splat routes is changing in v7. You can use the `v7_relativeSplatPath` future flag to opt-in early. For more information, see https://reactrouter.com/v6/upgrading/future#v7_relativesplatpath. @ http://ai4mde.localhost/node_modules/.vite/deps/react-router-dom.js?v=81ceaaa3:4409
[    7991ms] [WARNING] You are loading @emotion/react when it is already loaded. Running multiple instances may cause problems. This can happen if multiple versions are used, or if multiple builds of the same version are used. @ http://ai4mde.localhost/node_modules/.vite/deps/chunk-IH223WJB.js?v=0d92a099:2212
[    8040ms] [INFO] %cDownload the React DevTools for a better development experience: https://reactjs.org/link/react-devtools font-weight:bold @ http://ai4mde.localhost/node_modules/.vite/deps/chunk-6UPLEOQD.js?v=0d92a099:21579
[    8065ms] [ERROR] Warning: Invalid hook call. Hooks can only be called inside of the body of a function component. This could happen for one of the following reasons:
1. You might have mismatching versions of React and the renderer (such as React DOM)
2. You might be breaking the Rules of Hooks
3. You might have more than one copy of React in the same app
See https://reactjs.org/link/invalid-hook-call for tips about how to debug and fix this problem. @ http://ai4mde.localhost/node_modules/.vite/deps/chunk-6VRH24VT.js?v=0d92a099:135
[    8066ms] [ERROR] Warning: Invalid hook call. Hooks can only be called inside of the body of a function component. This could happen for one of the following reasons:
1. You might have mismatching versions of React and the renderer (such as React DOM)
2. You might be breaking the Rules of Hooks
3. You might have more than one copy of React in the same app
See https://reactjs.org/link/invalid-hook-call for tips about how to debug and fix this problem. @ http://ai4mde.localhost/node_modules/.vite/deps/chunk-6VRH24VT.js?v=0d92a099:135
[    8065ms] TypeError: Cannot read properties of null (reading 'useContext')
    at Object.useContext (http://ai4mde.localhost/node_modules/.vite/deps/chunk-6VRH24VT.js?v=0d92a099:1062:29)
    at useParams (http://ai4mde.localhost/node_modules/.vite/deps/chunk-GG4OTI5F.js?v=0d92a099:3923:13)
    at SystemInterfaces (http://ai4mde.localhost/src/routes/systems/[systemId]/interfaces/[interfaceId]/index.tsx:23:24)
    at renderWithHooks (http://ai4mde.localhost/node_modules/.vite/deps/chunk-6UPLEOQD.js?v=b5e2956b:11568:26)
    at updateFunctionComponent (http://ai4mde.localhost/node_modules/.vite/deps/chunk-6UPLEOQD.js?v=b5e2956b:14602:28)
    at mountLazyComponent (http://ai4mde.localhost/node_modules/.vite/deps/chunk-6UPLEOQD.js?v=b5e2956b:14853:23)
    at beginWork (http://ai4mde.localhost/node_modules/.vite/deps/chunk-6UPLEOQD.js?v=b5e2956b:15938:22)
    at HTMLUnknownElement.callCallback2 (http://ai4mde.localhost/node_modules/.vite/deps/chunk-6UPLEOQD.js?v=b5e2956b:3674:22)
    at Object.invokeGuardedCallbackDev (http://ai4mde.localhost/node_modules/.vite/deps/chunk-6UPLEOQD.js?v=b5e2956b:3699:24)
    at invokeGuardedCallback (http://ai4mde.localhost/node_modules/.vite/deps/chunk-6UPLEOQD.js?v=b5e2956b:3733:39)
[    8077ms] [ERROR] Warning: Invalid hook call. Hooks can only be called inside of the body of a function component. This could happen for one of the following reasons:
1. You might have mismatching versions of React and the renderer (such as React DOM)
2. You might be breaking the Rules of Hooks
3. You might have more than one copy of React in the same app
See https://reactjs.org/link/invalid-hook-call for tips about how to debug and fix this problem. @ http://ai4mde.localhost/node_modules/.vite/deps/chunk-6VRH24VT.js?v=0d92a099:135
[    8077ms] [ERROR] Warning: Invalid hook call. Hooks can only be called inside of the body of a function component. This could happen for one of the following reasons:
1. You might have mismatching versions of React and the renderer (such as React DOM)
2. You might be breaking the Rules of Hooks
3. You might have more than one copy of React in the same app
See https://reactjs.org/link/invalid-hook-call for tips about how to debug and fix this problem. @ http://ai4mde.localhost/node_modules/.vite/deps/chunk-6VRH24VT.js?v=0d92a099:135
[    8082ms] TypeError: Cannot read properties of null (reading 'useContext')
    at Object.useContext (http://ai4mde.localhost/node_modules/.vite/deps/chunk-6VRH24VT.js?v=0d92a099:1062:29)
    at useParams (http://ai4mde.localhost/node_modules/.vite/deps/chunk-GG4OTI5F.js?v=0d92a099:3923:13)
    at SystemInterfaces (http://ai4mde.localhost/src/routes/systems/[systemId]/interfaces/[interfaceId]/index.tsx:23:24)
    at renderWithHooks (http://ai4mde.localhost/node_modules/.vite/deps/chunk-6UPLEOQD.js?v=b5e2956b:11568:26)
    at updateFunctionComponent (http://ai4mde.localhost/node_modules/.vite/deps/chunk-6UPLEOQD.js?v=b5e2956b:14602:28)
    at mountLazyComponent (http://ai4mde.localhost/node_modules/.vite/deps/chunk-6UPLEOQD.js?v=b5e2956b:14853:23)
    at beginWork (http://ai4mde.localhost/node_modules/.vite/deps/chunk-6UPLEOQD.js?v=b5e2956b:15938:22)
    at HTMLUnknownElement.callCallback2 (http://ai4mde.localhost/node_modules/.vite/deps/chunk-6UPLEOQD.js?v=b5e2956b:3674:22)
    at Object.invokeGuardedCallbackDev (http://ai4mde.localhost/node_modules/.vite/deps/chunk-6UPLEOQD.js?v=b5e2956b:3699:24)
    at invokeGuardedCallback (http://ai4mde.localhost/node_modules/.vite/deps/chunk-6UPLEOQD.js?v=b5e2956b:3733:39)
[    8081ms] [ERROR] The above error occurred in the <SystemInterfaces> component:

    at SystemInterfaces (http://ai4mde.localhost/src/routes/systems/[systemId]/interfaces/[interfaceId]/index.tsx:23:24)
    at RenderedRoute (http://ai4mde.localhost/node_modules/.vite/deps/react-router-dom.js?v=81ceaaa3:4104:5)
    at RenderedRoute (http://ai4mde.localhost/node_modules/.vite/deps/react-router-dom.js?v=81ceaaa3:4104:5)
    at RenderedRoute (http://ai4mde.localhost/node_modules/.vite/deps/react-router-dom.js?v=81ceaaa3:4104:5)
    at RenderedRoute (http://ai4mde.localhost/node_modules/.vite/deps/react-router-dom.js?v=81ceaaa3:4104:5)
    at RenderedRoute (http://ai4mde.localhost/node_modules/.vite/deps/react-router-dom.js?v=81ceaaa3:4104:5)
    at Suspense
    at main
    at Layout (http://ai4mde.localhost/src/lib/shared/components/Layout/Layout.tsx:29:26)
    at App (http://ai4mde.localhost/src/main.tsx:48:3)
    at Router (http://ai4mde.localhost/node_modules/.vite/deps/react-router-dom.js?v=81ceaaa3:4518:15)
    at BrowserRouter (http://ai4mde.localhost/node_modules/.vite/deps/react-router-dom.js?v=81ceaaa3:5267:5)
    at QueryClientProvider (http://ai4mde.localhost/node_modules/.vite/deps/chunk-YRAN5R3W.js?v=b5e2956b:2892:3)

Consider adding an error boundary to your tree to customize error handling behavior.
Visit https://reactjs.org/link/error-boundaries to learn more about error boundaries. @ http://ai4mde.localhost/node_modules/.vite/deps/chunk-6UPLEOQD.js?v=b5e2956b:14051
[    8082ms] TypeError: Cannot read properties of null (reading 'useContext')
    at Object.useContext (http://ai4mde.localhost/node_modules/.vite/deps/chunk-6VRH24VT.js?v=0d92a099:1062:29)
    at useParams (http://ai4mde.localhost/node_modules/.vite/deps/chunk-GG4OTI5F.js?v=0d92a099:3923:13)
    at SystemInterfaces (http://ai4mde.localhost/src/routes/systems/[systemId]/interfaces/[interfaceId]/index.tsx:23:24)
    at renderWithHooks (http://ai4mde.localhost/node_modules/.vite/deps/chunk-6UPLEOQD.js?v=b5e2956b:11568:26)
    at updateFunctionComponent (http://ai4mde.localhost/node_modules/.vite/deps/chunk-6UPLEOQD.js?v=b5e2956b:14602:28)
    at mountLazyComponent (http://ai4mde.localhost/node_modules/.vite/deps/chunk-6UPLEOQD.js?v=b5e2956b:14853:23)
    at beginWork (http://ai4mde.localhost/node_modules/.vite/deps/chunk-6UPLEOQD.js?v=b5e2956b:15938:22)
    at beginWork$1 (http://ai4mde.localhost/node_modules/.vite/deps/chunk-6UPLEOQD.js?v=b5e2956b:19781:22)
    at performUnitOfWork (http://ai4mde.localhost/node_modules/.vite/deps/chunk-6UPLEOQD.js?v=b5e2956b:19226:20)
    at workLoopSync (http://ai4mde.localhost/node_modules/.vite/deps/chunk-6UPLEOQD.js?v=b5e2956b:19165:13)
[   11049ms] [INFO] %cDownload the React DevTools for a better development experience: https://reactjs.org/link/react-devtools font-weight:bold @ http://ai4mde.localhost/node_modules/.vite/deps/chunk-6UPLEOQD.js?v=0d92a099:21579
[   11131ms] [WARNING] ⚠️ React Router Future Flag Warning: React Router will begin wrapping state updates in `React.startTransition` in v7. You can use the `v7_startTransition` future flag to opt-in early. For more information, see https://reactrouter.com/v6/upgrading/future#v7_starttransition. @ http://ai4mde.localhost/node_modules/.vite/deps/chunk-GG4OTI5F.js?v=0d92a099:4402
[   11131ms] [WARNING] ⚠️ React Router Future Flag Warning: Relative route resolution within Splat routes is changing in v7. You can use the `v7_relativeSplatPath` future flag to opt-in early. For more information, see https://reactrouter.com/v6/upgrading/future#v7_relativesplatpath. @ http://ai4mde.localhost/node_modules/.vite/deps/chunk-GG4OTI5F.js?v=0d92a099:4402
[   12145ms] [ERROR] Warning: Each child in a list should have a unique "key" prop.%s%s See https://reactjs.org/link/warning-keys for more information.%s 

Check the render method of `TopNavigation`.  
    at TopNavigation (http://ai4mde.localhost/src/lib/shared/components/TopNavigation.tsx:20:33)
    at div
    at div
    at SystemLayout (http://ai4mde.localhost/src/lib/features/browser/components/systems/SystemLayout.tsx:22:25)
    at SystemInterfaces (http://ai4mde.localhost/src/routes/systems/[systemId]/interfaces/[interfaceId]/index.tsx:23:24)
    at RenderedRoute (http://ai4mde.localhost/node_modules/.vite/deps/chunk-GG4OTI5F.js?v=0d92a099:4097:5)
    at RenderedRoute (http://ai4mde.localhost/node_modules/.vite/deps/chunk-GG4OTI5F.js?v=0d92a099:4097:5)
    at RenderedRoute (http://ai4mde.localhost/node_modules/.vite/deps/chunk-GG4OTI5F.js?v=0d92a099:4097:5)
    at RenderedRoute (http://ai4mde.localhost/node_modules/.vite/deps/chunk-GG4OTI5F.js?v=0d92a099:4097:5)
    at RenderedRoute (http://ai4mde.localhost/node_modules/.vite/deps/chunk-GG4OTI5F.js?v=0d92a099:4097:5)
    at Suspense
    at main
    at Layout (http://ai4mde.localhost/src/lib/shared/components/Layout/Layout.tsx:29:26)
    at App (http://ai4mde.localhost/src/main.tsx:48:3)
    at Router (http://ai4mde.localhost/node_modules/.vite/deps/chunk-GG4OTI5F.js?v=0d92a099:4582:15)
    at BrowserRouter (http://ai4mde.localhost/node_modules/.vite/deps/react-router-dom.js?v=0d92a099:559:5)
    at QueryClientProvider (http://ai4mde.localhost/node_modules/.vite/deps/chunk-YRAN5R3W.js?v=0d92a099:2892:3) @ http://ai4mde.localhost/node_modules/.vite/deps/react_jsx-dev-runtime.js?v=0d92a099:63
[   12334ms] [ERROR] Warning: validateDOMNesting(...): %s cannot appear as a descendant of <%s>.%s <button> button 
    at button
    at div
    at button
    at div
    at div
    at ShowInterface (http://ai4mde.localhost/src/lib/features/interfaces/components/ShowInterface.tsx:39:26)
    at div
    at div
    at div
    at SystemLayout (http://ai4mde.localhost/src/lib/features/browser/components/systems/SystemLayout.tsx:22:25)
    at SystemInterfaces (http://ai4mde.localhost/src/routes/systems/[systemId]/interfaces/[interfaceId]/index.tsx:23:24)
    at RenderedRoute (http://ai4mde.localhost/node_modules/.vite/deps/chunk-GG4OTI5F.js?v=0d92a099:4097:5)
    at RenderedRoute (http://ai4mde.localhost/node_modules/.vite/deps/chunk-GG4OTI5F.js?v=0d92a099:4097:5)
    at RenderedRoute (http://ai4mde.localhost/node_modules/.vite/deps/chunk-GG4OTI5F.js?v=0d92a099:4097:5)
    at RenderedRoute (http://ai4mde.localhost/node_modules/.vite/deps/chunk-GG4OTI5F.js?v=0d92a099:4097:5)
    at RenderedRoute (http://ai4mde.localhost/node_modules/.vite/deps/chunk-GG4OTI5F.js?v=0d92a099:4097:5)
    at Suspense
    at main
    at Layout (http://ai4mde.localhost/src/lib/shared/components/Layout/Layout.tsx:29:26)
    at App (http://ai4mde.localhost/src/main.tsx:48:3)
    at Router (http://ai4mde.localhost/node_modules/.vite/deps/chunk-GG4OTI5F.js?v=0d92a099:4582:15)
    at BrowserRouter (http://ai4mde.localhost/node_modules/.vite/deps/react-router-dom.js?v=0d92a099:559:5)
    at QueryClientProvider (http://ai4mde.localhost/node_modules/.vite/deps/chunk-YRAN5R3W.js?v=0d92a099:2892:3) @ http://ai4mde.localhost/node_modules/.vite/deps/chunk-6UPLEOQD.js?v=0d92a099:520
[   15313ms] [WARNING] An iframe which has both allow-scripts and allow-same-origin for its sandbox attribute can escape its sandboxing. @ about:srcdoc:0
[   15325ms] [WARNING] cdn.tailwindcss.com should not be used in production. To use Tailwind CSS in production, install it as a PostCSS plugin or use the Tailwind CLI: https://tailwindcss.com/docs/installation @ https://cdn.tailwindcss.com/:63
