[    5173ms] [INFO] %cDownload the React DevTools for a better development experience: https://reactjs.org/link/react-devtools font-weight:bold @ http://ai4mde.localhost/node_modules/.vite/deps/chunk-6UPLEOQD.js?v=7a2a6e59:21579
[    5274ms] [WARNING] ⚠️ React Router Future Flag Warning: React Router will begin wrapping state updates in `React.startTransition` in v7. You can use the `v7_startTransition` future flag to opt-in early. For more information, see https://reactrouter.com/v6/upgrading/future#v7_starttransition. @ http://ai4mde.localhost/node_modules/.vite/deps/react-router-dom.js?v=9953857c:4409
[    5274ms] [WARNING] ⚠️ React Router Future Flag Warning: Relative route resolution within Splat routes is changing in v7. You can use the `v7_relativeSplatPath` future flag to opt-in early. For more information, see https://reactrouter.com/v6/upgrading/future#v7_relativesplatpath. @ http://ai4mde.localhost/node_modules/.vite/deps/react-router-dom.js?v=9953857c:4409
[   10910ms] [INFO] %cDownload the React DevTools for a better development experience: https://reactjs.org/link/react-devtools font-weight:bold @ http://ai4mde.localhost/node_modules/.vite/deps/chunk-6UPLEOQD.js?v=8238eb54:21579
[   10991ms] [WARNING] ⚠️ React Router Future Flag Warning: React Router will begin wrapping state updates in `React.startTransition` in v7. You can use the `v7_startTransition` future flag to opt-in early. For more information, see https://reactrouter.com/v6/upgrading/future#v7_starttransition. @ http://ai4mde.localhost/node_modules/.vite/deps/chunk-GG4OTI5F.js?v=8238eb54:4402
[   10992ms] [WARNING] ⚠️ React Router Future Flag Warning: Relative route resolution within Splat routes is changing in v7. You can use the `v7_relativeSplatPath` future flag to opt-in early. For more information, see https://reactrouter.com/v6/upgrading/future#v7_relativesplatpath. @ http://ai4mde.localhost/node_modules/.vite/deps/chunk-GG4OTI5F.js?v=8238eb54:4402
[   11839ms] [ERROR] Warning: Each child in a list should have a unique "key" prop.%s%s See https://reactjs.org/link/warning-keys for more information.%s 

Check the render method of `TopNavigation`.  
    at TopNavigation (http://ai4mde.localhost/src/lib/shared/components/TopNavigation.tsx:20:33)
    at div
    at div
    at SystemLayout (http://ai4mde.localhost/src/lib/features/browser/components/systems/SystemLayout.tsx:22:25)
    at SystemInterfaces (http://ai4mde.localhost/src/routes/systems/[systemId]/interfaces/[interfaceId]/index.tsx:23:24)
    at RenderedRoute (http://ai4mde.localhost/node_modules/.vite/deps/chunk-GG4OTI5F.js?v=8238eb54:4097:5)
    at RenderedRoute (http://ai4mde.localhost/node_modules/.vite/deps/chunk-GG4OTI5F.js?v=8238eb54:4097:5)
    at RenderedRoute (http://ai4mde.localhost/node_modules/.vite/deps/chunk-GG4OTI5F.js?v=8238eb54:4097:5)
    at RenderedRoute (http://ai4mde.localhost/node_modules/.vite/deps/chunk-GG4OTI5F.js?v=8238eb54:4097:5)
    at RenderedRoute (http://ai4mde.localhost/node_modules/.vite/deps/chunk-GG4OTI5F.js?v=8238eb54:4097:5)
    at Suspense
    at main
    at Layout (http://ai4mde.localhost/src/lib/shared/components/Layout/Layout.tsx:29:26)
    at App (http://ai4mde.localhost/src/main.tsx:48:3)
    at Router (http://ai4mde.localhost/node_modules/.vite/deps/chunk-GG4OTI5F.js?v=8238eb54:4582:15)
    at BrowserRouter (http://ai4mde.localhost/node_modules/.vite/deps/react-router-dom.js?v=8238eb54:559:5)
    at QueryClientProvider (http://ai4mde.localhost/node_modules/.vite/deps/chunk-YRAN5R3W.js?v=8238eb54:2892:3) @ http://ai4mde.localhost/node_modules/.vite/deps/react_jsx-dev-runtime.js?v=8238eb54:63
[   11973ms] [ERROR] Warning: validateDOMNesting(...): %s cannot appear as a descendant of <%s>.%s <button> button 
    at button
    at div
    at button
    at div
    at div
    at ShowInterface (http://ai4mde.localhost/src/lib/features/interfaces/components/ShowInterface.tsx:39:26)
    at div
    at div
    at div
    at SystemLayout (http://ai4mde.localhost/src/lib/features/browser/components/systems/SystemLayout.tsx:22:25)
    at SystemInterfaces (http://ai4mde.localhost/src/routes/systems/[systemId]/interfaces/[interfaceId]/index.tsx:23:24)
    at RenderedRoute (http://ai4mde.localhost/node_modules/.vite/deps/chunk-GG4OTI5F.js?v=8238eb54:4097:5)
    at RenderedRoute (http://ai4mde.localhost/node_modules/.vite/deps/chunk-GG4OTI5F.js?v=8238eb54:4097:5)
    at RenderedRoute (http://ai4mde.localhost/node_modules/.vite/deps/chunk-GG4OTI5F.js?v=8238eb54:4097:5)
    at RenderedRoute (http://ai4mde.localhost/node_modules/.vite/deps/chunk-GG4OTI5F.js?v=8238eb54:4097:5)
    at RenderedRoute (http://ai4mde.localhost/node_modules/.vite/deps/chunk-GG4OTI5F.js?v=8238eb54:4097:5)
    at Suspense
    at main
    at Layout (http://ai4mde.localhost/src/lib/shared/components/Layout/Layout.tsx:29:26)
    at App (http://ai4mde.localhost/src/main.tsx:48:3)
    at Router (http://ai4mde.localhost/node_modules/.vite/deps/chunk-GG4OTI5F.js?v=8238eb54:4582:15)
    at BrowserRouter (http://ai4mde.localhost/node_modules/.vite/deps/react-router-dom.js?v=8238eb54:559:5)
    at QueryClientProvider (http://ai4mde.localhost/node_modules/.vite/deps/chunk-YRAN5R3W.js?v=8238eb54:2892:3) @ http://ai4mde.localhost/node_modules/.vite/deps/chunk-6UPLEOQD.js?v=8238eb54:520
[   13724ms] [WARNING] An iframe which has both allow-scripts and allow-same-origin for its sandbox attribute can escape its sandboxing. @ about:srcdoc:0
[   13733ms] [WARNING] cdn.tailwindcss.com should not be used in production. To use Tailwind CSS in production, install it as a PostCSS plugin or use the Tailwind CLI: https://tailwindcss.com/docs/installation @ https://cdn.tailwindcss.com/:63
[  225977ms] [LOG] [vite] server connection lost. polling for restart... @ http://ai4mde.localhost/@vite/client:287
[  225988ms] [ERROR] Failed to load resource: the server responded with a status of 502 (Bad Gateway) @ http://ai4mde.localhost/:0
[  226026ms] [ERROR] Failed to load resource: the server responded with a status of 502 (Bad Gateway) @ http://ai4mde.localhost/systems/35ef9ce1-a3ff-4df1-a541-443fe36fcd68/interfaces/c7ca90f5-e82f-4da4-989e-1ae7070beed9:0
[  226080ms] [ERROR] Failed to load resource: the server responded with a status of 502 (Bad Gateway) @ http://ai4mde.localhost/favicon.ico:0
