time="2026-07-06T06:20:14+02:00" level=warning msg="/Users/bemmgr/allCodes/thesisProject/studio/docker-compose.yaml: the attribute `version` is obsolete, it will be ignored, please remove it to avoid potential confusion"
[T0][system] project=8cb1ece6-71a0-4e7e-8c0f-7baeed02601e system=7d735a07-b6cd-409d-9cc7-f3a07cbec983 name=Library

[T0][db_precheck]
{
  "BookLoan.late_risk.ai_config.keys": [
    "ai_config_version",
    "context",
    "model_profile",
    "output",
    "template",
    "trigger"
  ],
  "Customer.reading_plan.ai_config.keys": [
    "ai_config_version",
    "context",
    "model_profile",
    "output",
    "template",
    "trigger"
  ]
}
[T0][http] GET http://localhost:8000/api/v1/diagram/system/7d735a07-b6cd-409d-9cc7-f3a07cbec983/ -> 200
[{"project": "8cb1ece6-71a0-4e7e-8c0f-7baeed02601e", "system_id": "7d735a07-b6cd-409d-9cc7-f3a07cbec983", "system_name": "Library", "system": "7d735a07-b6cd-409d-9cc7-f3a07cbec983", "id": "a9cb6660-0a0c-423a-9830-ec80067f459f", "name": "Structure", "description": "", "type": "classes", "nodes": [{"cls": {"namespace": "", "name": "Author", "type": "class", "attributes": [{"name": "name", "type": "str", "enum": null, "derived": false, "description": null, "body": null, "ai_config": null}, {"name": "nationality", "type": "str", "enum": null, "derived": false, "description": null, "body": null, "ai_config": null}], "methods": [], "abstract": false, "leaf": false}, "cls_ptr": "30bf05a0-3b0f-46c8-8ef7-96946e25bd80", "data": {"position": {"x": -30, "y": 75}}, "system_name": "Library", "system_id": "7d735a07-b6cd-409d-9cc7-f3a07cbec983", "id": "5199e93d-660c-495a-af1e-8bab956c588c"}, {"cls": {"namespace": "", "name": "Book", "type": "class", "attributes": [{"name": "title", "type": "str", "enum": null, "derived": false, "description": null, "body": null, "ai_config": null}, {"name": "isbn", "type": "str", "enum": null, "derived": false, "description": null, "body": null, "ai_config": null}, {"name": "year", "type": "int", "enum": null, "derived": false, "description": null, "body": null, "ai_config": null}, {"name": "category", "type": "enum", "enum": "770864b2-fa4b-4f6a-b350-c2304d3de214", "derived": false, "description": null, "body": null, "ai_config": null}], "methods": [], "abstract": false, "leaf": false}, "cls_ptr": "849aeec9-3e4c-4c5d-898b-91b62f7f7401", "data": {"position": {"x": 0, "y": -105}}, "system_name": "Library", "system_id": "7d735a07-b6cd-409d-9cc7-f3a07cbec983", "id": "d8bef4a3-0398-49a5-ab38-af771fcec354"}, {"cls": {"namespace": "", "name": "Customer", "type": "class", "attributes": [{"name": "name", "type": "str", "enum": null, "derived": false, "description": null, "body": null, "ai_config": null}, {"name": "email", "type": "str", "enum": null, "derived": false, "description": null, "body": null, "ai_config": null}, {"name": "reading_plan", "type": "str", "enum": null, "derived": false, "description": "AI-generated compact personalized reading plan.", "body": null, "ai_config": {"output": {"format": "reading_plan", "write_back": "reading_plan"}, "context": {"relations": ["Loan", "BookLoan", "Book"]}, "trigger": {"type": "user_action", "class": "Customer"}, "template": {"chain": ["reading_plan_analyze_taste_v1", "reading_plan_recommend_v1", "reading_plan_sequence_v1"]}, "model_profile": "strong", "ai_config_version": "1.0"}}], "methods": [], "abstract": false, "leaf": false}, "cls_ptr": "fb0ceaeb-ba1c-4b0b-87cb-f16e1977f06a", "data": {"position": {"x": 0, "y": 210}}, "system_name": "Library", "system_id": "7d735a07-b6cd-409d-9cc7-f3a07cbec983", "id": "9565d2d8-fdc3-454e-85c8-bb566f20dc05"}, {"cls": {"namespace": "", "name": "Loan", "type": "class", "attributes": [{"name": "loan_date", "type": "str", "enum": null, "derived": false, "description": null, "body": null, "ai_config": null}, {"name": "due_date", "type": "str", "enum": null, "derived": false, "description": null, "body": null, "ai_config": null}, {"name": "return_date", "type": "str", "enum": null, "derived": false, "description": null, "body": null, "ai_config": null}], "methods": [], "abstract": false, "leaf": false}, "cls_ptr": "446c4cfe-ad0d-409f-9fd2-b73ef8114b1c", "data": {"position": {"x": 225, "y": 135}}, "system_name": "Library", "system_id": "7d735a07-b6cd-409d-9cc7-f3a07cbec983", "id": "287ef36d-2572-47c6-a618-fe71d8833a9a"}, {"cls": {"namespace": "", "name": "BookLoan", "type": "class", "attributes": [{"name": "late_risk", "type": "str", "enum": null, "derived": false, "description": "AI-generated late-return risk label (LOW/MEDIUM/HIGH).", "body": null, "ai_config": {"output": {"format": "risk_label", "write_back": "late_risk", "allowed_values": ["LOW", "MEDIUM", "HIGH"]}, "context": {"fields": ["loan_date", "due_date", "return_date"], "rela

[T0][g1_api_attrs]
{
  "BookLoan.late_risk": {
    "ai_config": {
      "ai_config_version": "1.0",
      "context": {
        "fields": [
          "loan_date",
          "due_date",
          "return_date"
        ],
        "relations": [
          "Book",
          "Customer",
          "Loan"
        ]
      },
      "model_profile": "cheap",
      "output": {
        "allowed_values": [
          "LOW",
          "MEDIUM",
          "HIGH"
        ],
        "format": "risk_label",
        "write_back": "late_risk"
      },
      "template": {
        "name": "library_late_risk_v1"
      },
      "trigger": {
        "class": "BookLoan",
        "type": "post_save"
      }
    },
    "body": null,
    "derived": false,
    "description": "AI-generated late-return risk label (LOW/MEDIUM/HIGH).",
    "enum": null,
    "name": "late_risk",
    "type": "str"
  },
  "Customer.reading_plan": {
    "ai_config": {
      "ai_config_version": "1.0",
      "context": {
        "relations": [
          "Loan",
          "BookLoan",
          "Book"
        ]
      },
      "model_profile": "strong",
      "output": {
        "format": "reading_plan",
        "write_back": "reading_plan"
      },
      "template": {
        "chain": [
          "reading_plan_analyze_taste_v1",
          "reading_plan_recommend_v1",
          "reading_plan_sequence_v1"
        ]
      },
      "trigger": {
        "class": "Customer",
        "type": "user_action"
      }
    },
    "body": null,
    "derived": false,
    "description": "AI-generated compact personalized reading plan.",
    "enum": null,
    "name": "reading_plan",
    "type": "str"
  },
  "non_ai_observation": {
    "ai_config_presence": "null",
    "attribute": {
      "ai_config": null,
      "body": null,
      "derived": false,
      "description": null,
      "enum": null,
      "name": "name",
      "type": "str"
    },
    "class": "Author"
  }
}
[T0][PASS] G1 serialization: AI attrs preserved; non-AI attr serialized
