time="2026-07-06T06:21:37+02:00" level=warning msg="/Users/bemmgr/allCodes/thesisProject/studio/docker-compose.yaml: the attribute `version` is obsolete, it will be ignored, please remove it to avoid potential confusion"
[T0][system] project=8cb1ece6-71a0-4e7e-8c0f-7baeed02601e system=7d735a07-b6cd-409d-9cc7-f3a07cbec983 name=Library
[T0][http] GET http://localhost:8000/api/v1/metadata/systems/7d735a07-b6cd-409d-9cc7-f3a07cbec983/classes/ -> 200
{"classifiers": [{"data": {"namespace": "", "name": "Author", "type": "class", "attributes": [{"name": "name", "type": "str", "enum": null, "derived": false, "description": null, "body": null, "ai_config": null}, {"name": "nationality", "type": "str", "enum": null, "derived": false, "description": null, "body": null, "ai_config": null}], "methods": [], "abstract": false, "leaf": false}, "system_id": "7d735a07-b6cd-409d-9cc7-f3a07cbec983", "system_name": "Library", "id": "30bf05a0-3b0f-46c8-8ef7-96946e25bd80"}, {"data": {"namespace": "", "name": "Loan", "type": "class", "attributes": [{"name": "loan_date", "type": "str", "enum": null, "derived": false, "description": null, "body": null, "ai_config": null}, {"name": "due_date", "type": "str", "enum": null, "derived": false, "description": null, "body": null, "ai_config": null}, {"name": "return_date", "type": "str", "enum": null, "derived": false, "description": null, "body": null, "ai_config": null}], "methods": [], "abstract": false, "leaf": false}, "system_id": "7d735a07-b6cd-409d-9cc7-f3a07cbec983", "system_name": "Library", "id": "446c4cfe-ad0d-409f-9fd2-b73ef8114b1c"}, {"data": {"namespace": "", "name": "Book", "type": "class", "attributes": [{"name": "title", "type": "str", "enum": null, "derived": false, "description": null, "body": null, "ai_config": null}, {"name": "isbn", "type": "str", "enum": null, "derived": false, "description": null, "body": null, "ai_config": null}, {"name": "year", "type": "int", "enum": null, "derived": false, "description": null, "body": null, "ai_config": null}, {"name": "category", "type": "enum", "enum": "770864b2-fa4b-4f6a-b350-c2304d3de214", "derived": false, "description": null, "body": null, "ai_config": null}], "methods": [], "abstract": false, "leaf": false}, "system_id": "7d735a07-b6cd-409d-9cc7-f3a07cbec983", "system_name": "Library", "id": "849aeec9-3e4c-4c5d-898b-91b62f7f7401"}, {"data": {"namespace": "", "name": "BookLoan", "type": "class", "attributes": [{"name": "late_risk", "type": "str", "enum": null, "derived": false, "description": "T0 roundtrip description 1783311640", "body": null, "ai_config": {"output": {"format": "risk_label", "write_back": "late_risk", "allowed_values": ["LOW", "MEDIUM", "HIGH"]}, "context": {"fields": ["loan_date", "due_date", "return_date"], "relations": ["Book", "Customer", "Loan"]}, "trigger": {"type": "post_save", "class": "BookLoan"}, "template": {"name": "library_late_risk_v1"}, "model_profile": "cheap", "ai_config_version": "1.0"}}], "methods": [], "abstract": false, "leaf": false}, "system_id": "7d735a07-b6cd-409d-9cc7-f3a07cbec983", "system_name": "Library", "id": "9f7df5b5-fde5-429e-982b-48c37e868613"}, {"data": {"namespace": "", "name": "Customer", "type": "class", "attributes": [{"name": "name", "type": "str", "enum": null, "derived": false, "description": null, "body": null, "ai_config": null}, {"name": "email", "type": "str", "enum": null, "derived": false, "description": null, "body": null, "ai_config": null}, {"name": "reading_plan", "type": "str", "enum": null, "derived": false, "description": "AI-generated compact personalized reading plan.", "body": null, "ai_config": {"output": {"format": "reading_plan", "write_back": "reading_plan"}, "context": {"relations": ["Loan", "BookLoan", "Book"]}, "trigger": {"type": "user_action", "class": "Customer"}, "template": {"chain": ["reading_plan_analyze_taste_v1", "reading_plan_recommend_v1", "reading_plan_sequence_v1"]}, "model_profile": "strong", "ai_config_version": "1.0"}}], "methods": [], "abstract": false, "leaf": false}, "system_id": "7d735a07-b6cd-409d-9cc7-f3a07cbec983", "system_name": "Library", "id": "fb0ceaeb-ba1c-4b0b-87cb-f16e1977f06a"}]}
[T0][http] GET http://localhost:8000/api/v1/metadata/projects/export/8cb1ece6-71a0-4e7e-8c0f-7baeed02601e/ -> 200
{"systems": [{"diagrams": [{"nodes": [{"id": "5199e93d-660c-495a-af1e-8bab956c588c", "diagram": "a9cb6660-0a0c-423a-9830-ec80067f459f", "cls": "30bf05a0-3b0f-46c8-8ef7-96946e25bd80", "data": {"position": {"x": -30, "y": 75}}}, {"id": "d8bef4a3-0398-49a5-ab38-af771fcec354", "diagram": "a9cb6660-0a0c-423a-9830-ec80067f459f", "cls": "849aeec9-3e4c-4c5d-898b-91b62f7f7401", "data": {"position": {"x": 0, "y": -105}}}, {"id": "9565d2d8-fdc3-454e-85c8-bb566f20dc05", "diagram": "a9cb6660-0a0c-423a-9830-ec80067f459f", "cls": "fb0ceaeb-ba1c-4b0b-87cb-f16e1977f06a", "data": {"position": {"x": 0, "y": 210}}}, {"id": "287ef36d-2572-47c6-a618-fe71d8833a9a", "diagram": "a9cb6660-0a0c-423a-9830-ec80067f459f", "cls": "446c4cfe-ad0d-409f-9fd2-b73ef8114b1c", "data": {"position": {"x": 225, "y": 135}}}, {"id": "f5a8868c-f241-4935-a459-bf0f110fd297", "diagram": "a9cb6660-0a0c-423a-9830-ec80067f459f", "cls": "9f7df5b5-fde5-429e-982b-48c37e868613", "data": {"position": {"x": 255, "y": -60}}}, {"id": "e31af4e7-03c3-4846-adda-0d716d0c8504", "diagram": "a9cb6660-0a0c-423a-9830-ec80067f459f", "cls": "770864b2-fa4b-4f6a-b350-c2304d3de214", "data": {"position": {"x": -225, "y": -30}}}], "edges": [{"id": "24d2450a-1bdc-44b4-8f2e-2ba83d64bda2", "diagram": "a9cb6660-0a0c-423a-9830-ec80067f459f", "rel": "7bc74f7f-5d24-45cb-bb25-57562dd1bb8b", "data": {}}, {"id": "99ce1522-fa18-4712-adbd-2cabaaa33823", "diagram": "a9cb6660-0a0c-423a-9830-ec80067f459f", "rel": "3ee5fbb1-f5ac-46a8-9e3b-15a125b7686e", "data": {}}, {"id": "7b758843-d93d-4625-94d9-8dab1101f135", "diagram": "a9cb6660-0a0c-423a-9830-ec80067f459f", "rel": "7a02b6e8-8de6-4bb0-8f38-e0f8df548eb5", "data": {}}, {"id": "7e6434bc-6b4f-4ab5-95df-741f06fd75eb", "diagram": "a9cb6660-0a0c-423a-9830-ec80067f459f", "rel": "a2cf48f1-6fbb-4d18-bd51-9301922b1220", "data": {}}], "id": "a9cb6660-0a0c-423a-9830-ec80067f459f", "type": "classes", "name": "Structure", "description": "", "system": "7d735a07-b6cd-409d-9cc7-f3a07cbec983"}], "classifiers": [{"id": "30bf05a0-3b0f-46c8-8ef7-96946e25bd80", "project": "8cb1ece6-71a0-4e7e-8c0f-7baeed02601e", "system": "7d735a07-b6cd-409d-9cc7-f3a07cbec983", "original_system_id": null, "data": {"leaf": false, "name": "Author", "type": "class", "methods": [], "abstract": false, "namespace": "", "attributes": [{"body": null, "enum": null, "name": "name", "type": "str", "derived": false, "description": null}, {"body": null, "enum": null, "name": "nationality", "type": "str", "derived": false, "description": null}]}}, {"id": "849aeec9-3e4c-4c5d-898b-91b62f7f7401", "project": "8cb1ece6-71a0-4e7e-8c0f-7baeed02601e", "system": "7d735a07-b6cd-409d-9cc7-f3a07cbec983", "original_system_id": null, "data": {"leaf": false, "name": "Book", "type": "class", "methods": [], "abstract": false, "namespace": "", "attributes": [{"body": null, "enum": null, "name": "title", "type": "str", "derived": false, "description": null}, {"body": null, "enum": null, "name": "isbn", "type": "str", "derived": false, "description": null}, {"body": null, "enum": null, "name": "year", "type": "int", "derived": false, "description": null}, {"body": null, "enum": "770864b2-fa4b-4f6a-b350-c2304d3de214", "name": "category", "type": "enum", "derived": false, "description": null}]}}, {"id": "446c4cfe-ad0d-409f-9fd2-b73ef8114b1c", "project": "8cb1ece6-71a0-4e7e-8c0f-7baeed02601e", "system": "7d735a07-b6cd-409d-9cc7-f3a07cbec983", "original_system_id": null, "data": {"leaf": false, "name": "Loan", "type": "class", "methods": [], "abstract": false, "namespace": "", "attributes": [{"body": null, "enum": null, "name": "loan_date", "type": "str", "derived": false, "description": null}, {"body": null, "enum": null, "name": "due_date", "type": "str", "derived": false, "description": null}, {"body": null, "enum": null, "name": "return_date", "type": "str", "derived": false, "description": null}]}}, {"id": "9f7df5b5-fde5-429e-982b-48c37e868613", "project": "8cb1ece6-71a0-4e7e-8c0f-7baeed02601e", "system": "7d735a07-b6cd-409d-9cc7-f3a0

[T0][g3_backend]
{
  "classes_bookloan_keys": [
    "abstract",
    "attributes",
    "leaf",
    "methods",
    "name",
    "namespace",
    "type"
  ],
  "classes_count": 5,
  "export_late_risk": {
    "ai_config": {
      "ai_config_version": "1.0",
      "context": {
        "fields": [
          "loan_date",
          "due_date",
          "return_date"
        ],
        "relations": [
          "Book",
          "Customer",
          "Loan"
        ]
      },
      "model_profile": "cheap",
      "output": {
        "allowed_values": [
          "LOW",
          "MEDIUM",
          "HIGH"
        ],
        "format": "risk_label",
        "write_back": "late_risk"
      },
      "template": {
        "name": "library_late_risk_v1"
      },
      "trigger": {
        "class": "BookLoan",
        "type": "post_save"
      }
    },
    "body": null,
    "derived": false,
    "description": "T0 roundtrip description 1783311640",
    "enum": null,
    "name": "late_risk",
    "type": "str"
  }
}
[T0][PASS] G3 backend: classes endpoint and project export OK
