{
  "targetUrl": "http://ai4mde.localhost/systems/7d735a07-b6cd-409d-9cc7-f3a07cbec983/prototypes",
  "prototypeName": "LibraryT4A",
  "prototypeId": "365f41f4-3fd0-43cd-ae8c-5fbfd55a40d3",
  "systemId": "7d735a07-b6cd-409d-9cc7-f3a07cbec983",
  "postStatus": 200,
  "bodyReadError": "{\"code\":-32000,\"message\":\"No resource with given identifier found\"}",
  "generationStartedAt": "2026-07-07T03:00:23.681Z",
  "generationFinishedAt": "2026-07-07T03:00:24.070Z",
  "generationDurationSeconds": 0.389,
  "metadataPath": "docs/evidence/t4_metadata_from_ui.json",
  "screenshotPath": "docs/evidence/t4_ui_create_done.png",
  "page": {
    "href": "http://ai4mde.localhost/systems/7d735a07-b6cd-409d-9cc7-f3a07cbec983/prototypes",
    "title": "AI4MDE - Editor",
    "bodyText": "AI4MDE\nStudio\nDashboard\nBuild\nProjects\nLogout\nDiagrams\nInterfaces\nPrototypes\nPrototypes\n\tStatus\tURL\t\nDelete all\n\n\nLibraryT4G0Reselect\n\tNot running\t\t\nMetadata\nRun\n\n\nLibraryT4G0Default3\n\tNot running\t\t\nMetadata\nRun\n\n\nLibraryT4G0Default2\n\tNot running\t\t\nMetadata\nRun\n\n\nLibraryT4G0Default\n\tNot running\t\t\nMetadata\nRun\n\n\nLibraryT3A\n\tRunning\thttp://prototype.ai4mde.localhost\t\nMetadata\nKill\n\n\nLibraryT2A\n\tNot running\t\t\nMetadata\nRun\n\n\nLibraryT1A\n\tNot running\t\t\nMetadata\nRun\n\n\nLibraryStep1\nThesis Step 1 Library prototype\n\tNot running\t\t\nMetadata\nRun\nGenerate new prototype\nAI4MDE\n\nGenerating..."
  },
  "defaultInterfaceObservation": "librarian visible before submit; selector was not changed",
  "consoleErrors": [
    {
      "source": "console",
      "text": "Warning: Each child in a list should have a unique \"key\" prop.%s%s See https://reactjs.org/link/warning-keys for more information.%s \n\nCheck the render method of `TopNavigation`.  \n    at TopNavigation (http://ai4mde.localhost/src/lib/shared/components/TopNavigation.tsx:20:33)\n    at div\n    at div\n    at SystemLayout (http://ai4mde.localhost/src/lib/features/browser/components/systems/SystemLayout.tsx:22:25)\n    at SystemInterfaces (http://ai4mde.localhost/src/routes/systems/[systemId]/prototypes/index.tsx:26:24)\n    at RenderedRoute (http://ai4mde.localhost/node_modules/.vite/deps/chunk-OKK7CPP7.js?v=a82910eb:4097:5)\n    at RenderedRoute (http://ai4mde.localhost/node_modules/.vite/deps/chunk-OKK7CPP7.js?v=a82910eb:4097:5)\n    at RenderedRoute (http://ai4mde.localhost/node_modules/.vite/deps/chunk-OKK7CPP7.js?v=a82910eb:4097:5)\n    at RenderedRoute (http://ai4mde.localhost/node_modules/.vite/deps/chunk-OKK7CPP7.js?v=a82910eb:4097:5)\n    at Suspense\n    at main\n    at Layout (http://ai4mde.localhost/src/lib/shared/components/Layout/Layout.tsx:29:26)\n    at App (http://ai4mde.localhost/src/main.tsx:48:3)\n    at Router (http://ai4mde.localhost/node_modules/.vite/deps/chunk-OKK7CPP7.js?v=a82910eb:4582:15)\n    at BrowserRouter (http://ai4mde.localhost/node_modules/.vite/deps/react-router-dom.js?v=a82910eb:559:5)\n    at QueryClientProvider (http://ai4mde.localhost/node_modules/.vite/deps/chunk-7G4Y6YMR.js?v=a82910eb:2892:3)"
    },
    {
      "source": "console",
      "text": "Warning: Each child in a list should have a unique \"key\" prop.%s%s See https://reactjs.org/link/warning-keys for more information.%s \n\nCheck the render method of `TopNavigation`.  \n    at TopNavigation (http://ai4mde.localhost/src/lib/shared/components/TopNavigation.tsx:20:33)\n    at div\n    at div\n    at SystemLayout (http://ai4mde.localhost/src/lib/features/browser/components/systems/SystemLayout.tsx:22:25)\n    at SystemInterfaces (http://ai4mde.localhost/src/routes/systems/[systemId]/prototypes/index.tsx:26:24)\n    at RenderedRoute (http://ai4mde.localhost/node_modules/.vite/deps/chunk-OKK7CPP7.js?v=9d642078:4097:5)\n    at RenderedRoute (http://ai4mde.localhost/node_modules/.vite/deps/chunk-OKK7CPP7.js?v=9d642078:4097:5)\n    at RenderedRoute (http://ai4mde.localhost/node_modules/.vite/deps/chunk-OKK7CPP7.js?v=9d642078:4097:5)\n    at RenderedRoute (http://ai4mde.localhost/node_modules/.vite/deps/chunk-OKK7CPP7.js?v=9d642078:4097:5)\n    at Suspense\n    at main\n    at Layout (http://ai4mde.localhost/src/lib/shared/components/Layout/Layout.tsx:29:26)\n    at App (http://ai4mde.localhost/src/main.tsx:48:3)\n    at Router (http://ai4mde.localhost/node_modules/.vite/deps/chunk-OKK7CPP7.js?v=9d642078:4582:15)\n    at BrowserRouter (http://ai4mde.localhost/node_modules/.vite/deps/react-router-dom.js?v=9d642078:559:5)\n    at QueryClientProvider (http://ai4mde.localhost/node_modules/.vite/deps/chunk-7G4Y6YMR.js?v=9d642078:2892:3)"
    },
    {
      "source": "console",
      "text": "Warning: validateDOMNesting(...): %s cannot appear as a descendant of <%s>.%s <h1> p \n    at h1\n    at p\n    at http://ai4mde.localhost/node_modules/.vite/deps/chunk-PYOOSLXC.js?v=9d642078:1544:45\n    at Typography2 (http://ai4mde.localhost/node_modules/.vite/deps/@mui_joy.js?v=9d642078:6829:26)\n    at div\n    at http://ai4mde.localhost/node_modules/.vite/deps/chunk-PYOOSLXC.js?v=9d642078:1544:45\n    at ModalDialog2 (http://ai4mde.localhost/node_modules/.vite/deps/@mui_joy.js?v=9d642078:12802:17)\n    at FocusTrap (http://ai4mde.localhost/node_modules/.vite/deps/chunk-B4S3FWRP.js?v=9d642078:6862:5)\n    at div\n    at http://ai4mde.localhost/node_modules/.vite/deps/chunk-PYOOSLXC.js?v=9d642078:1544:45\n    at Portal2 (http://ai4mde.localhost/node_modules/.vite/deps/chunk-B4S3FWRP.js?v=9d642078:8907:5)\n    at Modal2 (http://ai4mde.localhost/node_modules/.vite/deps/@mui_joy.js?v=9d642078:9609:17)\n    at CreatePrototype (http://ai4mde.localhost/src/lib/features/prototypes/components/CreatePrototype.tsx:42:27)\n    at div\n    at div\n    at SystemLayout (http://ai4mde.localhost/src/lib/features/browser/components/systems/SystemLayout.tsx:22:25)\n    at SystemInterfaces (http://ai4mde.localhost/src/routes/systems/[systemId]/prototypes/index.tsx:26:24)\n    at RenderedRoute (http://ai4mde.localhost/node_modules/.vite/deps/chunk-OKK7CPP7.js?v=9d642078:4097:5)\n    at RenderedRoute (http://ai4mde.localhost/node_modules/.vite/deps/chunk-OKK7CPP7.js?v=9d642078:4097:5)\n    at RenderedRoute (http://ai4mde.localhost/node_modules/.vite/deps/chunk-OKK7CPP7.js?v=9d642078:4097:5)\n    at RenderedRoute (http://ai4mde.localhost/node_modules/.vite/deps/chunk-OKK7CPP7.js?v=9d642078:4097:5)\n    at Suspense\n    at main\n    at Layout (http://ai4mde.localhost/src/lib/shared/components/Layout/Layout.tsx:29:26)\n    at App (http://ai4mde.localhost/src/main.tsx:48:3)\n    at Router (http://ai4mde.localhost/node_modules/.vite/deps/chunk-OKK7CPP7.js?v=9d642078:4582:15)\n    at BrowserRouter (http://ai4mde.localhost/node_modules/.vite/deps/react-router-dom.js?v=9d642078:559:5)\n    at QueryClientProvider (http://ai4mde.localhost/node_modules/.vite/deps/chunk-7G4Y6YMR.js?v=9d642078:2892:3)"
    }
  ]
}

DevTools listening on ws://127.0.0.1:9242/devtools/browser/0ae4863f-1879-4b6d-a7ab-7ca056981b2c
Trying to load the allocator multiple times. This is *not* supported.
[10506:267521:0707/050019.356461:ERROR:google_apis/gcm/engine/registration_request.cc:291] Registration response error message: PHONE_REGISTRATION_ERROR
[10506:267521:0707/050019.358009:ERROR:google_apis/gcm/engine/registration_request.cc:291] Registration response error message: PHONE_REGISTRATION_ERROR
[10506:267521:0707/050019.365490:ERROR:google_apis/gcm/engine/registration_request.cc:291] Registration response error message: PHONE_REGISTRATION_ERROR
[10506:267541:0707/050024.249774:ERROR:base/process/process_mac.cc:53] task_policy_set TASK_CATEGORY_POLICY: (os/kern) invalid argument (4)
[10506:267541:0707/050024.249791:ERROR:base/process/process_mac.cc:98] task_policy_set TASK_SUPPRESSION_POLICY: (os/kern) invalid argument (4)

